Second: 0
Active:           157696 kB
Inactive:         234672 kB
Second: 1
Active:           272968 kB
Inactive:         234684 kB
Second: 2
Active:           416832 kB
Inactive:         234684 kB
Second: 3
Active:           598104 kB
Inactive:         234684 kB
Second: 4
Active:           762328 kB
Inactive:         210264 kB
Second: 5
Active:           870464 kB
Inactive:         101264 kB
Second: 6
Active:           928552 kB
Inactive:          44012 kB
Second: 7
Active:           939820 kB
Inactive:          30860 kB
Second: 8
Active:           906848 kB
Inactive:          56696 kB
Second: 9
Active:           913372 kB
Inactive:          63096 kB
Second: 10
Active:           927256 kB
Inactive:          49020 kB
Second: 11
Active:           939540 kB
Inactive:          38724 kB
Second: 12
Active:           948764 kB
Inactive:          31356 kB
Second: 13
Active:           248632 kB
Inactive:          51888 kB
Second: 14
Active:            74632 kB
Inactive:          80304 kB
