Second: 0
Active:            70884 kB
Inactive:          47420 kB
Second: 1
Active:           140720 kB
Inactive:          47420 kB
Second: 2
Active:           238104 kB
Inactive:          47420 kB
Second: 3
Active:           352848 kB
Inactive:          47420 kB
Second: 4
Active:           471736 kB
Inactive:          47420 kB
Second: 5
Active:           603392 kB
Inactive:          47420 kB
Second: 6
Active:           733536 kB
Inactive:          47420 kB
Second: 7
Active:           865976 kB
Inactive:          47420 kB
Second: 8
Active:            70900 kB
Inactive:          47072 kB
Second: 9
Active:            70900 kB
Inactive:          47072 kB
Second: 10
Active:            70900 kB
Inactive:          47072 kB
Second: 11
Active:            70904 kB
Inactive:          47072 kB
Second: 12
Active:            70904 kB
Inactive:          47072 kB
Second: 13
Active:            70904 kB
Inactive:          47072 kB
Second: 14
Active:            70904 kB
Inactive:          47072 kB
