Second: 0
Active:			  101739 kB
Inacitve:         216534
Second: 1
Active:           177300 kB
Inactive:         216536 kB
Second: 2
Active:           260844 kB
Inactive:         216548 kB
Second: 3
Active:           387448 kB
Inactive:         216548 kB
Second: 4
Active:           547048 kB
Inactive:         216548 kB
Second: 5
Active:           708496 kB
Inactive:         216548 kB
Second: 6
Active:           824280 kB
Inactive:         147440 kB
Second: 7
Active:           896080 kB
Inactive:          76332 kB
Second: 8
Active:           932868 kB
Inactive:          40236 kB
Second: 9
Active:           899872 kB
Inactive:          74700 kB
Second: 10
Active:           906544 kB
Inactive:          68856 kB
Second: 11
Active:           346764 kB
Inactive:          76192 kB
Second: 12
Active:           100776 kB
Inactive:         100508 kB
Second: 13
Active:           102716 kB
Inactive:         107748 kB
Second: 14
Active:           102716 kB
Inactive:         107748 kB
