Second: 0
Active:           180180 kB
Inactive:         200048 kB
Second: 1
Active:           296812 kB
Inactive:         200060 kB
Second: 2
Active:           454788 kB
Inactive:         200060 kB
Second: 3
Active:           577940 kB
Inactive:         200060 kB
Second: 4
Active:           729308 kB
Inactive:         200060 kB
Second: 5
Active:           842352 kB
Inactive:         130492 kB
Second: 6
Active:           913928 kB
Inactive:          58084 kB
Second: 7
Active:           914280 kB
Inactive:          57664 kB
Second: 8
Active:           903844 kB
Inactive:          69252 kB
Second: 9
Active:           915336 kB
Inactive:          60212 kB
Second: 10
Active:           926880 kB
Inactive:          44972 kB
Second: 11
Active:            86148 kB
Inactive:          46856 kB
Second: 12
Active:            85520 kB
Inactive:          61516 kB
Second: 13
Active:            85204 kB
Inactive:          65024 kB
Second: 14
Active:            85204 kB
Inactive:          65024 kB
