Second: 0
Active:           107732 kB
Inactive:         174184 kB
Second: 1
Active:           203688 kB
Inactive:         174184 kB
Second: 2
Active:           355656 kB
Inactive:         174184 kB
Second: 3
Active:           541016 kB
Inactive:         174184 kB
Second: 4
Active:           728952 kB
Inactive:         174184 kB
Second: 5
Active:           864032 kB
Inactive:         110676 kB
Second: 6
Active:           776556 kB
Inactive:          73744 kB
Second: 7
Active:           101252 kB
Inactive:          64884 kB
Second: 8
Active:           104272 kB
Inactive:          76980 kB
Second: 9
Active:           107164 kB
Inactive:          83844 kB
Second: 10
Active:           109100 kB
Inactive:          90456 kB
Second: 11
Active:           110808 kB
Inactive:          98532 kB
Second: 12
Active:           115192 kB
Inactive:         100900 kB
Second: 13
Active:           115064 kB
Inactive:         101092 kB
Second: 14
Active:           115064 kB
Inactive:         101092 kB
